com/tlalor/battleship/CellStatus$11.class
com/tlalor/battleship/CellStatus$9.class
com/tlalor/battleship/BattleshipGUI$4.class
com/tlalor/battleship/CellStatus$2.class
com/tlalor/battleship/Board.class
com/tlalor/battleship/AircraftCarrier.class
com/tlalor/battleship/CellStatus$14.class
com/tlalor/battleship/CellPane.class
com/tlalor/battleship/BattleshipGUI$8.class
com/tlalor/battleship/CellPaneW.class
com/tlalor/battleship/UserBoard.class
com/tlalor/battleship/CellStatus.class
com/tlalor/battleship/CellStatus$8.class
com/tlalor/battleship/Battleship.class
com/tlalor/battleship/CellStatus$10.class
com/tlalor/battleship/Cruiser.class
com/tlalor/battleship/BattleshipGUI.class
com/tlalor/battleship/Fleet.class
com/tlalor/battleship/CellStatus$1.class
com/tlalor/battleship/BattleshipGUI$1.class
com/tlalor/battleship/CellStatus$5.class
com/tlalor/battleship/Ship.class
com/tlalor/battleship/BattleshipGUI$7.class
com/tlalor/battleship/Game.class
com/tlalor/battleship/CellStatus$13.class
com/tlalor/battleship/Destroyer.class
com/tlalor/battleship/Move.class
com/tlalor/battleship/BattleshipGUI$9.class
com/tlalor/battleship/CellStatus$16.class
com/tlalor/battleship/BattleshipGUI$2.class
com/tlalor/battleship/Sub.class
com/tlalor/battleship/BattleshipGUI$6.class
module-info.class
com/tlalor/battleship/Board$1.class
com/tlalor/battleship/CellStatus$4.class
com/tlalor/battleship/CellStatus$7.class
com/tlalor/battleship/Fleet$1.class
com/tlalor/battleship/CellStatus$12.class
com/tlalor/battleship/BattleshipGUI$3.class
com/tlalor/battleship/CellStatus$17.class
com/tlalor/battleship/BattleshipGUI$5.class
com/tlalor/battleship/CellStatus$15.class
com/tlalor/battleship/CellStatus$6.class
com/tlalor/battleship/BattleshipGUI$10.class
com/tlalor/battleship/ComputerBoard.class
com/tlalor/battleship/ComputerBoard$1.class
com/tlalor/battleship/ShipType.class
com/tlalor/battleship/CellPaneMC.class
com/tlalor/battleship/CellStatus$3.class
