/Users/tristanlalor/Battleship/src/main/java/com/tlalor/battleship/Ship.java
/Users/tristanlalor/Battleship/src/main/java/com/tlalor/battleship/Board.java
/Users/tristanlalor/Battleship/src/main/java/com/tlalor/battleship/Fleet.java
/Users/tristanlalor/Battleship/src/main/java/com/tlalor/battleship/CellPane.java
/Users/tristanlalor/Battleship/src/main/java/com/tlalor/battleship/CellStatus.java
/Users/tristanlalor/Battleship/src/main/java/module-info.java
/Users/tristanlalor/Battleship/src/main/java/com/tlalor/battleship/Cruiser.java
/Users/tristanlalor/Battleship/src/main/java/com/tlalor/battleship/ComputerBoard.java
/Users/tristanlalor/Battleship/src/main/java/com/tlalor/battleship/ShipType.java
/Users/tristanlalor/Battleship/src/main/java/com/tlalor/battleship/AircraftCarrier.java
/Users/tristanlalor/Battleship/src/main/java/com/tlalor/battleship/Battleship.java
/Users/tristanlalor/Battleship/src/main/java/com/tlalor/battleship/CellPaneW.java
/Users/tristanlalor/Battleship/src/main/java/com/tlalor/battleship/UserBoard.java
/Users/tristanlalor/Battleship/src/main/java/com/tlalor/battleship/Destroyer.java
/Users/tristanlalor/Battleship/src/main/java/com/tlalor/battleship/BattleshipGUI.java
/Users/tristanlalor/Battleship/src/main/java/com/tlalor/battleship/CellPaneMC.java
/Users/tristanlalor/Battleship/src/main/java/com/tlalor/battleship/Sub.java
/Users/tristanlalor/Battleship/src/main/java/com/tlalor/battleship/Game.java
/Users/tristanlalor/Battleship/src/main/java/com/tlalor/battleship/Move.java
